apiVersion: v1
data: {}
kind: Secret
metadata:
  annotations: {}
  labels:
    name: hcloud
  name: hcloud
stringData:
  token: insertCoin
type: Opaque
