apiVersion: storage.k8s.io/v1
kind: CSIDriver
metadata:
  annotations: {}
  labels:
    name: csi.hetzner.cloud
  name: csi.hetzner.cloud
spec:
  attachRequired: true
  fsGroupPolicy: File
  podInfoOnMount: true
  volumeLifecycleModes:
    - Persistent
