allowVolumeExpansion: true
apiVersion: storage.k8s.io/v1
kind: StorageClass
metadata:
  annotations: {}
  labels:
    name: hcloud-volumes
  name: hcloud-volumes
provisioner: csi.hetzner.cloud
volumeBindingMode: WaitForFirstConsumer
