apiVersion: rbac.authorization.k8s.io/v1
kind: ClusterRoleBinding
metadata:
  name: hcloud-csi-controller
roleRef:
  apiGroup: rbac.authorization.k8s.io
  kind: ClusterRole
  name: hcloud-csi-controller
subjects:
- kind: ServiceAccount
  name: hcloud-csi-controller
  namespace: syn-csi-hetznercloud
