apiVersion: v1
kind: ServiceAccount
metadata:
  name: hcloud-csi-controller
  namespace: syn-csi-hetznercloud
