apiVersion: v1
kind: Service
metadata:
  labels:
    app: hcloud-csi
  name: hcloud-csi-controller-metrics
  namespace: syn-csi-hetznercloud
spec:
  ports:
  - name: metrics
    port: 9189
    targetPort: metrics
  selector:
    app: hcloud-csi-controller
